# vsim -cvgperinstance cross_var -l cross_var.log -c -do "coverage save -onexit cross_var.ucdb;run -all;exit;" 
# Start time: 22:44:33 on Feb 28,2025
# ** Note: (vsim-8009) Loading existing optimized design _opt
# //  Questa Sim
# //  Version 10.6c linux Jul 25 2017
# //
# //  Copyright 1991-2017 Mentor Graphics Corporation
# //  All Rights Reserved.
# //
# //  QuestaSim and its associated documentation contain trade
# //  secrets and commercial or financial information that are the property of
# //  Mentor Graphics Corporation and are privileged, confidential,
# //  and exempt from disclosure under the Freedom of Information Act,
# //  5 U.S.C. Section 552. Furthermore, this information
# //  is prohibited from disclosure under the Trade Secrets Act,
# //  18 U.S.C. Section 1905.
# //
# Loading sv_std.std
# Loading work.cross_var(fast)
# coverage save -onexit cross_var.ucdb
# run -all
# a=0 ; b=1 ; coverage %=45.00
# a=1 ; b=1 ; coverage %=70.00
# a=1 ; b=1 ; coverage %=70.00
# a=1 ; b=0 ; coverage %=95.00
# a=1 ; b=1 ; coverage %=95.00
# exit
# Saving coverage database on exit...
# End time: 22:44:34 on Feb 28,2025, Elapsed time: 0:00:01
# Errors: 0, Warnings: 0
