# vsim work.extern_keyword -l extern_keyword.log -c -do "run -all;exit;" 
# Start time: 12:22:39 on Mar 01,2025
# ** Note: (vsim-3812) Design is being optimized...
# //  Questa Sim
# //  Version 10.6c linux Jul 25 2017
# //
# //  Copyright 1991-2017 Mentor Graphics Corporation
# //  All Rights Reserved.
# //
# //  QuestaSim and its associated documentation contain trade
# //  secrets and commercial or financial information that are the property of
# //  Mentor Graphics Corporation and are privileged, confidential,
# //  and exempt from disclosure under the Freedom of Information Act,
# //  5 U.S.C. Section 552. Furthermore, this information
# //  is prohibited from disclosure under the Trade Secrets Act,
# //  18 U.S.C. Section 1905.
# //
# Loading sv_std.std
# Loading work.extern_keyword_sv_unit(fast)
# Loading work.extern_keyword(fast)
# run -all
# Using extern keyword we are creating prototype for our function in the class
# Then we are declaring the function outside the class
# The switch is OFF that's why fan is OFF
# exit
# End time: 12:22:40 on Mar 01,2025, Elapsed time: 0:00:01
# Errors: 0, Warnings: 0
