# vsim -cvgperinstance cvgrp_iff -l cvgrp_iff.log -c -do "coverage save -onexit iff.ucdb;run -all;exit;" 
# Start time: 18:47:20 on Feb 28,2025
# ** Note: (vsim-3813) Design is being optimized due to module recompilation...
# //  Questa Sim
# //  Version 10.6c linux Jul 25 2017
# //
# //  Copyright 1991-2017 Mentor Graphics Corporation
# //  All Rights Reserved.
# //
# //  QuestaSim and its associated documentation contain trade
# //  secrets and commercial or financial information that are the property of
# //  Mentor Graphics Corporation and are privileged, confidential,
# //  and exempt from disclosure under the Freedom of Information Act,
# //  5 U.S.C. Section 552. Furthermore, this information
# //  is prohibited from disclosure under the Trade Secrets Act,
# //  18 U.S.C. Section 1905.
# //
# Loading sv_std.std
# Loading work.cvgrp_iff(fast)
# coverage save -onexit iff.ucdb
# run -all
# a = 4 ; b = 1 ; coverage % = 0.00
# a = 1 ; b = 3 ; coverage % = 0.00
# a = 5 ; b = 1 ; coverage % = 0.00
# if 'b' is 2 then coverpoints are executed ; 	a = 5 ; b = 2 ; coverage % = 50.00
# a = 1 ; b = 1 ; coverage % = 50.00
# a = 6 ; b = 1 ; coverage % = 50.00
# a = 5 ; b = 0 ; coverage % = 50.00
# if 'b' is 2 then coverpoints are executed ; 	a = 1 ; b = 2 ; coverage % = 50.00
# ** Note: $finish    : cvgrp_iff.sv(35)
#    Time: 75 ns  Iteration: 1  Instance: /cvgrp_iff
# Saving coverage database on exit...
# End time: 18:47:21 on Feb 28,2025, Elapsed time: 0:00:01
# Errors: 0, Warnings: 0
