# vsim semaphore_exa_get_try -l sema_exm3.log -c -do "run -all;quit;" 
# Start time: 21:21:54 on Mar 02,2025
# ** Note: (vsim-3813) Design is being optimized due to module recompilation...
# //  Questa Sim
# //  Version 10.6c linux Jul 25 2017
# //
# //  Copyright 1991-2017 Mentor Graphics Corporation
# //  All Rights Reserved.
# //
# //  QuestaSim and its associated documentation contain trade
# //  secrets and commercial or financial information that are the property of
# //  Mentor Graphics Corporation and are privileged, confidential,
# //  and exempt from disclosure under the Freedom of Information Act,
# //  5 U.S.C. Section 552. Furthermore, this information
# //  is prohibited from disclosure under the Trade Secrets Act,
# //  18 U.S.C. Section 1905.
# //
# Loading sv_std.std
# Loading work.semaphore_exa_get_try(fast)
# run -all
# Person A Waiting for car, time=0
# Person A Got the car, time=0
# Person B Waiting for car, time=1
# Person B Got the car, time=1
# Person A Returning back car, time=10
# Person B Returning back car, time=11
# quit
# End time: 21:21:58 on Mar 02,2025, Elapsed time: 0:00:04
# Errors: 0, Warnings: 0
