# vsim work.foreach_using_for -l foreach_using_for_log.log -c -do "run -all;exit;" 
# Start time: 16:38:39 on Feb 25,2025
# ** Note: (vsim-3813) Design is being optimized due to module recompilation...
# //  Questa Sim
# //  Version 10.6c linux Jul 25 2017
# //
# //  Copyright 1991-2017 Mentor Graphics Corporation
# //  All Rights Reserved.
# //
# //  QuestaSim and its associated documentation contain trade
# //  secrets and commercial or financial information that are the property of
# //  Mentor Graphics Corporation and are privileged, confidential,
# //  and exempt from disclosure under the Freedom of Information Act,
# //  5 U.S.C. Section 552. Furthermore, this information
# //  is prohibited from disclosure under the Trade Secrets Act,
# //  18 U.S.C. Section 1905.
# //
# Loading sv_std.std
# Loading work.foreach_using_for(fast)
# run -all
# 
# 	----foreach loop using for loop----
# 
# 	array[0]=0
# 	array[1]=1
# 	array[2]=2
# 	array[3]=3
# 	array[4]=4
# 
# 	----outside for loop----
# 
# exit
# End time: 16:38:40 on Feb 25,2025, Elapsed time: 0:00:01
# Errors: 0, Warnings: 0
