# vsim r_case -l randcase_code_output.log -c -do "run -all; exit;" 
# Start time: 13:59:29 on Feb 28,2025
# ** Note: (vsim-3812) Design is being optimized...
# //  Questa Sim
# //  Version 10.6c linux Jul 25 2017
# //
# //  Copyright 1991-2017 Mentor Graphics Corporation
# //  All Rights Reserved.
# //
# //  QuestaSim and its associated documentation contain trade
# //  secrets and commercial or financial information that are the property of
# //  Mentor Graphics Corporation and are privileged, confidential,
# //  and exempt from disclosure under the Freedom of Information Act,
# //  5 U.S.C. Section 552. Furthermore, this information
# //  is prohibited from disclosure under the Trade Secrets Act,
# //  18 U.S.C. Section 1905.
# //
# Loading sv_std.std
# Loading work.r_case(fast)
# run -all
# Random data will be generated by simulator
# data from 0 to 3 then it will display randcase output
# 	 
#  output of randcase 1
# 	 
#  output of randcase 3
# 	 
#  output of randcase 3
# 	 
#  output of randcase 2
# 	 
#  output of randcase 3
# 	 
#  output of randcase 3
#  exit
# End time: 13:59:30 on Feb 28,2025, Elapsed time: 0:00:01
# Errors: 0, Warnings: 0
