# vsim top -l foreach_constraint.log -c -do "run -all;exit;" 
# Start time: 12:31:32 on Feb 28,2025
# ** Note: (vsim-8009) Loading existing optimized design _opt
# //  Questa Sim
# //  Version 10.6c linux Jul 25 2017
# //
# //  Copyright 1991-2017 Mentor Graphics Corporation
# //  All Rights Reserved.
# //
# //  QuestaSim and its associated documentation contain trade
# //  secrets and commercial or financial information that are the property of
# //  Mentor Graphics Corporation and are privileged, confidential,
# //  and exempt from disclosure under the Freedom of Information Act,
# //  5 U.S.C. Section 552. Furthermore, this information
# //  is prohibited from disclosure under the Trade Secrets Act,
# //  18 U.S.C. Section 1905.
# //
# Loading sv_std.std
# Loading work.foreach_constraint_sv_unit(fast)
# Loading work.top(fast)
# run -all
# -------------------------------
# 	 s_array1=0 1 2 3
# 	 s_array2=0 1 2 3 4
# -------------------------------
# exit
# End time: 12:31:38 on Feb 28,2025, Elapsed time: 0:00:06
# Errors: 0, Warnings: 0
