# vsim work.deep -l deep_copy.log -c -do "run -all;exit;" 
# Start time: 16:09:43 on Mar 01,2025
# ** Note: (vsim-8009) Loading existing optimized design _opt
# //  Questa Sim
# //  Version 10.6c linux Jul 25 2017
# //
# //  Copyright 1991-2017 Mentor Graphics Corporation
# //  All Rights Reserved.
# //
# //  QuestaSim and its associated documentation contain trade
# //  secrets and commercial or financial information that are the property of
# //  Mentor Graphics Corporation and are privileged, confidential,
# //  and exempt from disclosure under the Freedom of Information Act,
# //  5 U.S.C. Section 552. Furthermore, this information
# //  is prohibited from disclosure under the Trade Secrets Act,
# //  18 U.S.C. Section 1905.
# //
# Loading sv_std.std
# Loading work.deep_copy_sv_unit(fast)
# Loading work.deep(fast)
# run -all
# 
# Contents of branch p1 before changes
# 	 c=Banglore,	 d=1
# Contents of branch p2 before changes
# 	 c=Banglore,	 d=1
# Contents of branches p1 after changes
# 	 c=Manipal,	 d=1
# Contents of branches p2 after changes
# 	 c=Hyderabad,	 d=1
# 
# exit
# End time: 16:09:43 on Mar 01,2025, Elapsed time: 0:00:00
# Errors: 0, Warnings: 0
