# vsim readmem -l file_readmem.log -c -do "run -all;exit;" 
# Start time: 00:26:21 on Mar 04,2025
# ** Note: (vsim-3813) Design is being optimized due to module recompilation...
# //  Questa Sim
# //  Version 10.6c linux Jul 25 2017
# //
# //  Copyright 1991-2017 Mentor Graphics Corporation
# //  All Rights Reserved.
# //
# //  QuestaSim and its associated documentation contain trade
# //  secrets and commercial or financial information that are the property of
# //  Mentor Graphics Corporation and are privileged, confidential,
# //  and exempt from disclosure under the Freedom of Information Act,
# //  5 U.S.C. Section 552. Furthermore, this information
# //  is prohibited from disclosure under the Trade Secrets Act,
# //  18 U.S.C. Section 1905.
# //
# Loading sv_std.std
# Loading work.readmem(fast)
# run -all
# ** Warning: (vsim-PLI-3409) Illegal binary digit 'c' in data on line 3 of file "hihihi.sv".    : file_readmem.sv(28)
#    Time: 0 ns  Iteration: 0  Instance: /readmem
# 
# hexadecimal[0] = 10
# Binary[0] = 10000
# 
# 
# hexadecimal[1] = 1b
# Binary[1] = 11011
# 
# 
# hexadecimal[2] = c
# Binary[2] = 1100
# 
# exit
# End time: 00:26:21 on Mar 04,2025, Elapsed time: 0:00:00
# Errors: 0, Warnings: 1
