# vsim work.do_while -l do_while_log.log -c -do "run -all;exit;" 
# Start time: 16:00:35 on Feb 25,2025
# ** Note: (vsim-8009) Loading existing optimized design _opt
# //  Questa Sim
# //  Version 10.6c linux Jul 25 2017
# //
# //  Copyright 1991-2017 Mentor Graphics Corporation
# //  All Rights Reserved.
# //
# //  QuestaSim and its associated documentation contain trade
# //  secrets and commercial or financial information that are the property of
# //  Mentor Graphics Corporation and are privileged, confidential,
# //  and exempt from disclosure under the Freedom of Information Act,
# //  5 U.S.C. Section 552. Furthermore, this information
# //  is prohibited from disclosure under the Trade Secrets Act,
# //  18 U.S.C. Section 1905.
# //
# Loading sv_std.std
# Loading work.do_while(fast)
# run -all
# ------do while output ---
# 	 Value of apple = 1
# 	 Value of apple = 2
# 	 Value of apple = 3
# 	 Value of apple = 4
# 	 Value of apple = 5
# exit
# End time: 16:00:36 on Feb 25,2025, Elapsed time: 0:00:01
# Errors: 0, Warnings: 0
