# vsim work.polymorphism -l polymorphism.log -c -do "run -all;exit;" 
# Start time: 00:55:02 on Mar 02,2025
# ** Note: (vsim-3813) Design is being optimized due to module recompilation...
# //  Questa Sim
# //  Version 10.6c linux Jul 25 2017
# //
# //  Copyright 1991-2017 Mentor Graphics Corporation
# //  All Rights Reserved.
# //
# //  QuestaSim and its associated documentation contain trade
# //  secrets and commercial or financial information that are the property of
# //  Mentor Graphics Corporation and are privileged, confidential,
# //  and exempt from disclosure under the Freedom of Information Act,
# //  5 U.S.C. Section 552. Furthermore, this information
# //  is prohibited from disclosure under the Trade Secrets Act,
# //  18 U.S.C. Section 1905.
# //
# Loading sv_std.std
# Loading work.polymorphism_sv_unit(fast)
# Loading work.polymorphism(fast)
# run -all
# 
# This is child class
# a = 3, b = 4, e = 7
# This is parent class
# a = 1, b = 2
# 
# exit
# End time: 00:55:03 on Mar 02,2025, Elapsed time: 0:00:01
# Errors: 0, Warnings: 0
