# vsim mod -l dyn_arr_log.log -c -do "run -all; exit;" 
# Start time: 23:03:58 on Feb 27,2025
# ** Note: (vsim-3812) Design is being optimized...
# //  Questa Sim
# //  Version 10.6c linux Jul 25 2017
# //
# //  Copyright 1991-2017 Mentor Graphics Corporation
# //  All Rights Reserved.
# //
# //  QuestaSim and its associated documentation contain trade
# //  secrets and commercial or financial information that are the property of
# //  Mentor Graphics Corporation and are privileged, confidential,
# //  and exempt from disclosure under the Freedom of Information Act,
# //  5 U.S.C. Section 552. Furthermore, this information
# //  is prohibited from disclosure under the Trade Secrets Act,
# //  18 U.S.C. Section 1905.
# //
# Loading sv_std.std
# Loading work.dyn_arr_sv_unit(fast)
# Loading work.mod(fast)
# run -all
# Iteration = 0, Array = 0 1 4 9
# Iteration = 1, Array = 0 1 4 9 16
# Iteration = 2, Array = 0 1 4 9 16 25
#  exit
# End time: 23:03:59 on Feb 27,2025, Elapsed time: 0:00:01
# Errors: 0, Warnings: 0
