# vsim memory_n_equal_partitions -l memory_n_equal_partitions_log.log -c -do "run -all;exit;" 
# Start time: 14:08:57 on Feb 28,2025
# ** Note: (vsim-3812) Design is being optimized...
# ** Warning: memory_n_equal_partitions.sv(29): (vopt-2250) Function "display" has no return value assignment.
# //  Questa Sim
# //  Version 10.6c linux Jul 25 2017
# //
# //  Copyright 1991-2017 Mentor Graphics Corporation
# //  All Rights Reserved.
# //
# //  QuestaSim and its associated documentation contain trade
# //  secrets and commercial or financial information that are the property of
# //  Mentor Graphics Corporation and are privileged, confidential,
# //  and exempt from disclosure under the Freedom of Information Act,
# //  5 U.S.C. Section 552. Furthermore, this information
# //  is prohibited from disclosure under the Trade Secrets Act,
# //  18 U.S.C. Section 1905.
# //
# Loading sv_std.std
# Loading work.memory_n_equal_partitions_sv_unit(fast)
# Loading work.memory_n_equal_partitions(fast)
# run -all
# 	 RAM start addr : 0 
# 	 RAM end addr : 2047 
# 	 No of Partitions : 7 
# 	 Size of each partition : 293 
# 
# 	 -----------Partitions----------- 
# 	 Partition : 1 from 0 to 292 
# 	 Partition : 2 from 293 to 585 
# 	 Partition : 3 from 586 to 878 
# 	 Partition : 4 from 879 to 1171 
# 	 Partition : 5 from 1172 to 1464 
# 	 Partition : 6 from 1465 to 1757 
# 	 Partition : 7 from 1758 to 2047 
# exit
# End time: 14:08:58 on Feb 28,2025, Elapsed time: 0:00:01
# Errors: 0, Warnings: 1
