# vsim work.shallow -l shallow_copy.log -c -do "run -all;exit;" 
# Start time: 15:32:12 on Mar 01,2025
# ** Note: (vsim-3813) Design is being optimized due to module recompilation...
# //  Questa Sim
# //  Version 10.6c linux Jul 25 2017
# //
# //  Copyright 1991-2017 Mentor Graphics Corporation
# //  All Rights Reserved.
# //
# //  QuestaSim and its associated documentation contain trade
# //  secrets and commercial or financial information that are the property of
# //  Mentor Graphics Corporation and are privileged, confidential,
# //  and exempt from disclosure under the Freedom of Information Act,
# //  5 U.S.C. Section 552. Furthermore, this information
# //  is prohibited from disclosure under the Trade Secrets Act,
# //  18 U.S.C. Section 1905.
# //
# Loading sv_std.std
# Loading work.shallow_copy_sv_unit(fast)
# Loading work.shallow(fast)
# run -all
# 
# contents of p1 befor chnages
# 	 c=team,	 d=4
# contents of p2 before changes
# 	 c=team,	 d=4
# contents of p1 after changes
# 	 c=team,	 d=4
# contents of p2 after changes
# 	 c=place,	 d=4
# 
# exit
# End time: 15:32:12 on Mar 01,2025, Elapsed time: 0:00:00
# Errors: 0, Warnings: 0
