Command: vcs -V -R -full64 -sverilog +v2k -debug_access+all consecutive_repetition.sv \
-l consecutive_repetition.log
/hwetools/synosys/installed_tools/vcs/Q-2020.03-SP2-8/linux64/bin/vcs1 -Mcc=gcc -Mcplusplus=g++ \
-Masflags= -Mcfl= -pipe -fPIC -O -I/hwetools/synosys/installed_tools/vcs/Q-2020.03-SP2-8/include \
-Mxllcflags= -Mxcflags= -pipe -fPIC -I/hwetools/synosys/installed_tools/vcs/Q-2020.03-SP2-8/include \
-Mldflags= -rdynamic  -Mout=simv -Mamsrun="" -Mvcsaceobjs="" -Mobjects=" /hwetools/synosys/installed_tools/vcs/Q-2020.03-SP2-8/linux64/lib/libvirsim.so \
/hwetools/synosys/installed_tools/vcs/Q-2020.03-SP2-8/linux64/lib/liberrorinf.so \
/hwetools/synosys/installed_tools/vcs/Q-2020.03-SP2-8/linux64/lib/libsnpsmalloc.so \
/hwetools/synosys/installed_tools/vcs/Q-2020.03-SP2-8/linux64/lib/libvfs.so " -Mexternalobj= \
-Msaverestoreobj=/hwetools/synosys/installed_tools/vcs/Q-2020.03-SP2-8/linux64/lib/vcs_save_restore_new.o \
-Mcrt0= -Mcrtn="" -Mcsrc="" -Msyslibs=/hwetools/synosys/installed_tools/verdi/Q-2020.03-SP2-8/share/PLI/VCS/LINUX64/pli.a \
-ldl  -l consecutive_repetition.log -Xvcs_run_simv=1 -V -full64 +v2k -debug_access+all \
+vpi +vcsd1 +itf+/hwetools/synosys/installed_tools/vcs/Q-2020.03-SP2-8/linux64/lib/vcsdp_lite.tab \
-picarchive -P /hwetools/synosys/installed_tools/verdi/Q-2020.03-SP2-8/share/PLI/VCS/LINUX64/verdi.tab \
-fsdb -sverilog -gen_obj consecutive_repetition.sv  
                         Chronologic VCS (TM)
      Version Q-2020.03-SP2-8_Full64 -- Sun Mar  2 16:24:23 2025
               Copyright (c) 1991-2020 by Synopsys Inc.
                         ALL RIGHTS RESERVED

This program is proprietary and confidential information of Synopsys Inc.
and may be used and disclosed only as authorized in a license agreement
controlling such use and disclosure.

Parsing design file 'consecutive_repetition.sv'
Top Level Modules:
       consecutive_repetition
No TimeScale specified
Starting vcs inline pass...

1 module and 0 UDP read.
recompiling module consecutive_repetition
( cd csrc ; make -f Makefile SNPS_VCS_TMPDIR=/tmp/vcs_20250302105423_17471 product \
)
make[2]: Entering directory `/hwetools/work_area/frontend/gopal_b7/git_test1/mBits/SystemVerilogCourse/assertion/repetition_operators/consecutive_repetition/csrc' \

rm -f _cuarc*.so _csrc*.so pre_vcsobj_*.so share_vcsobj_*.so
ld -shared  -Bsymbolic   -o .//../simv.daidir//_cuarc0.so objs/amcQw_d.o 
rm -f _cuarc0.so
if [ -x ../simv ]; then chmod a-x ../simv; fi
g++  -o ../simv      -rdynamic  -Wl,-rpath='$ORIGIN'/simv.daidir -Wl,-rpath=./simv.daidir \
-Wl,-rpath=/hwetools/synosys/installed_tools/vcs/Q-2020.03-SP2-8/linux64/lib -L/hwetools/synosys/installed_tools/vcs/Q-2020.03-SP2-8/linux64/lib \
-Wl,-rpath-link=./  /usr/lib64/libnuma.so.1     _18204_archive_1.so _prev_archive_1.so \
_cuarc0.so  SIM_l.o      rmapats_mop.o rmapats.o rmar.o rmar_nd.o  rmar_llvm_0_1.o \
rmar_llvm_0_0.o          -lvirsim -lerrorinf -lsnpsmalloc -lvfs    -lvcsnew -lsimprofile \
-luclinative /hwetools/synosys/installed_tools/vcs/Q-2020.03-SP2-8/linux64/lib/vcs_tls.o \
-Wl,-whole-archive  -lvcsucli    -Wl,-no-whole-archive        _vcs_pli_stub_.o   \
/hwetools/synosys/installed_tools/vcs/Q-2020.03-SP2-8/linux64/lib/vcs_save_restore_new.o \
/hwetools/synosys/installed_tools/verdi/Q-2020.03-SP2-8/share/PLI/VCS/LINUX64/pli.a \
-ldl  -lc -lm -lpthread -ldl 
../simv up to date
make[2]: Leaving directory `/hwetools/work_area/frontend/gopal_b7/git_test1/mBits/SystemVerilogCourse/assertion/repetition_operators/consecutive_repetition/csrc' \

Running simv -V +v2k -a consecutive_repetition.log 
Command: /hwetools/work_area/frontend/gopal_b7/git_test1/mBits/SystemVerilogCourse/assertion/repetition_operators/consecutive_repetition/./simv -V +v2k -a consecutive_repetition.log
Chronologic VCS simulator copyright 1991-2020
Contains Synopsys proprietary information.
Compiler version Q-2020.03-SP2-8_Full64; Runtime version Q-2020.03-SP2-8_Full64;  Mar  2 16:24 2025
VCS Build Date = Sep 11 2021 20:22:52
Start run at Mar  2 16:24 2025

Info: "consecutive_repetition.sv", 39: consecutive_repetition.a_1: at time 55
pass
"consecutive_repetition.sv", 39: consecutive_repetition.a_1: started at 65s failed at 95s
	Offending 'b'
Info: "consecutive_repetition.sv", 39: consecutive_repetition.a_1: at time 95
fail
"consecutive_repetition.sv", 39: consecutive_repetition.a_1: started at 105s failed at 115s
	Offending 'b'
Info: "consecutive_repetition.sv", 39: consecutive_repetition.a_1: at time 115
fail
"consecutive_repetition.sv", 39: consecutive_repetition.a_1: started at 125s failed at 155s
	Offending 'b'
Info: "consecutive_repetition.sv", 39: consecutive_repetition.a_1: at time 155
fail
$finish called from file "consecutive_repetition.sv", line 29.
$finish at simulation time                  165
           V C S   S i m u l a t i o n   R e p o r t 
Time: 165
CPU Time:      0.440 seconds;       Data structure size:   0.0Mb
Sun Mar  2 16:24:30 2025
CPU time: .319 seconds to compile + .261 seconds to elab + .434 seconds to link + .477 seconds in simulation
