# vsim top -l interface.log -c -do "run -all;exit;" 
# Start time: 23:52:46 on Feb 27,2025
# ** Note: (vsim-3812) Design is being optimized...
# //  Questa Sim
# //  Version 10.6c linux Jul 25 2017
# //
# //  Copyright 1991-2017 Mentor Graphics Corporation
# //  All Rights Reserved.
# //
# //  QuestaSim and its associated documentation contain trade
# //  secrets and commercial or financial information that are the property of
# //  Mentor Graphics Corporation and are privileged, confidential,
# //  and exempt from disclosure under the Freedom of Information Act,
# //  5 U.S.C. Section 552. Furthermore, this information
# //  is prohibited from disclosure under the Trade Secrets Act,
# //  18 U.S.C. Section 1905.
# //
# Loading sv_std.std
# Loading work.top(fast)
# run -all
# 
#  // Parameterised interface example
# 
# count=0
# 
# count=1
# 
# count=2
# 
# count=3
# 
# count=0
# 
# count=1
# 
# count=2
# 
# count=3
# 
# count=0
# 
# count=1
# 
# count=2
# 
# count=3
# 
# count=0
# 
# count=1
# 
# count=2
# 
# count=3
# 
# count=0
# 
# count=1
# 
# count=2
# 
# count=3
# 
# count=0
# 
# count=1
# 
# count=2
# 
# count=3
# 
# count=0
# 
# count=1
# 
# count=2
# 
# count=3
# 
# count=0
# 
# count=1
# 
# count=2
# ** Note: $finish    : test.sv(17)
#    Time: 320 ns  Iteration: 0  Instance: /top/u2
# End time: 23:52:46 on Feb 27,2025, Elapsed time: 0:00:00
# Errors: 0, Warnings: 0
