# vsim -cvgperinstance cvgrp_start_stop -l cvgrp_start_stop.log -c -do "coverage save -onexit start_stop.ucdb;run -all;exit;" 
# Start time: 22:05:23 on Feb 28,2025
# ** Note: (vsim-3812) Design is being optimized...
# //  Questa Sim
# //  Version 10.6c linux Jul 25 2017
# //
# //  Copyright 1991-2017 Mentor Graphics Corporation
# //  All Rights Reserved.
# //
# //  QuestaSim and its associated documentation contain trade
# //  secrets and commercial or financial information that are the property of
# //  Mentor Graphics Corporation and are privileged, confidential,
# //  and exempt from disclosure under the Freedom of Information Act,
# //  5 U.S.C. Section 552. Furthermore, this information
# //  is prohibited from disclosure under the Trade Secrets Act,
# //  18 U.S.C. Section 1905.
# //
# Loading sv_std.std
# Loading work.cvgrp_start_stop_sv_unit(fast)
# Loading work.cvgrp_start_stop(fast)
# coverage save -onexit start_stop.ucdb
# run -all
# a=0 ; b=0 ; coverage = 31.25
# a=1 ; b=1 ; coverage = 62.50
# a=6 ; b=0 ; coverage = 68.75
# If coverage% is greater than 65%, stop executing covergroup
# a=7 ; b=1 ; coverage = 68.75
# If coverage% is greater than 65%, stop executing covergroup
# a=4 ; b=0 ; coverage = 68.75
# If coverage% is greater than 65%, stop executing covergroup
# exit
# Saving coverage database on exit...
# End time: 22:05:23 on Feb 28,2025, Elapsed time: 0:00:00
# Errors: 0, Warnings: 0
