# vsim pre_randomization -l pre_randomization_log.log -c -do "run -all;exit;" 
# Start time: 13:12:02 on Feb 28,2025
# ** Note: (vsim-3812) Design is being optimized...
# //  Questa Sim
# //  Version 10.6c linux Jul 25 2017
# //
# //  Copyright 1991-2017 Mentor Graphics Corporation
# //  All Rights Reserved.
# //
# //  QuestaSim and its associated documentation contain trade
# //  secrets and commercial or financial information that are the property of
# //  Mentor Graphics Corporation and are privileged, confidential,
# //  and exempt from disclosure under the Freedom of Information Act,
# //  5 U.S.C. Section 552. Furthermore, this information
# //  is prohibited from disclosure under the Trade Secrets Act,
# //  18 U.S.C. Section 1905.
# //
# Loading sv_std.std
# Loading work.pre_randomization_sv_unit(fast)
# Loading work.pre_randomization(fast)
# run -all
# 	[0] Calling Randomize....
# 	Stopping randomization
# 	[1] @ iteration: 1 -----> value: 0 
# 	[1] Calling Randomize....
# 	[2] @ iteration: 2 -----> value: 4 
# 	[2] Calling Randomize....
# 	Stopping randomization
# 	[3] @ iteration: 3 -----> value: 4 
# 	[3] Calling Randomize....
# 	[4] @ iteration: 4 -----> value: 13 
# exit
# End time: 13:12:02 on Feb 28,2025, Elapsed time: 0:00:00
# Errors: 0, Warnings: 0
