# vsim work.forever_loop -l forever_loop_log.log -c -do "run -all;exit;" 
# Start time: 16:42:22 on Feb 25,2025
# ** Note: (vsim-3812) Design is being optimized...
# //  Questa Sim
# //  Version 10.6c linux Jul 25 2017
# //
# //  Copyright 1991-2017 Mentor Graphics Corporation
# //  All Rights Reserved.
# //
# //  QuestaSim and its associated documentation contain trade
# //  secrets and commercial or financial information that are the property of
# //  Mentor Graphics Corporation and are privileged, confidential,
# //  and exempt from disclosure under the Freedom of Information Act,
# //  5 U.S.C. Section 552. Furthermore, this information
# //  is prohibited from disclosure under the Trade Secrets Act,
# //  18 U.S.C. Section 1905.
# //
# Loading sv_std.std
# Loading work.forever_loop(fast)
# run -all
# 	 ----forever loop----
# 	 @ 0 ns Iteration 0
# 	 @ 4 ns Iteration 1
# 	 @ 8 ns Iteration 2
# 	 @ 12 ns Iteration 3
# 	 @ 16 ns Iteration 4
# 
# 	@ 20 ns Stopped using $finish
# ** Note: $finish    : forever_loop.sv(30)
#    Time: 20 ns  Iteration: 0  Instance: /forever_loop
# End time: 16:42:23 on Feb 25,2025, Elapsed time: 0:00:01
# Errors: 0, Warnings: 0
