# vsim mod -l two_dimensional_static_array.log -c -do "run -all; exit;" 
# Start time: 22:38:49 on Feb 27,2025
# ** Note: (vsim-3812) Design is being optimized...
# //  Questa Sim
# //  Version 10.6c linux Jul 25 2017
# //
# //  Copyright 1991-2017 Mentor Graphics Corporation
# //  All Rights Reserved.
# //
# //  QuestaSim and its associated documentation contain trade
# //  secrets and commercial or financial information that are the property of
# //  Mentor Graphics Corporation and are privileged, confidential,
# //  and exempt from disclosure under the Freedom of Information Act,
# //  5 U.S.C. Section 552. Furthermore, this information
# //  is prohibited from disclosure under the Trade Secrets Act,
# //  18 U.S.C. Section 1905.
# //
# Loading sv_std.std
# Loading work.two_dimensional_static_array_sv_unit(fast)
# Loading work.mod(fast)
# run -all
# The value of elements of array before randomization = {0 0 0 0} {0 0 0 0}
# The value of elements of array after randomization = {0 4 1 2} {15 6 14 7}
# The value of elements of array after randomization = {9 4 15 3} {1 11 15 8}
# The value of elements of array after randomization = {14 12 10 9} {13 1 6 4}
# The value of elements of array after randomization = {11 14 1 9} {4 15 9 10}
# The value of elements of array after randomization = {10 12 11 4} {7 11 3 15}
# The value of elements of array after randomization = {14 12 12 3} {12 11 13 13}
#  exit
# End time: 22:38:50 on Feb 27,2025, Elapsed time: 0:00:01
# Errors: 0, Warnings: 0
