# vsim struct1 -l structn.log -c -do "run -all;quit;" 
# Start time: 17:39:31 on Mar 03,2025
# ** Note: (vsim-3812) Design is being optimized...
# //  Questa Sim
# //  Version 10.6c linux Jul 25 2017
# //
# //  Copyright 1991-2017 Mentor Graphics Corporation
# //  All Rights Reserved.
# //
# //  QuestaSim and its associated documentation contain trade
# //  secrets and commercial or financial information that are the property of
# //  Mentor Graphics Corporation and are privileged, confidential,
# //  and exempt from disclosure under the Freedom of Information Act,
# //  5 U.S.C. Section 552. Furthermore, this information
# //  is prohibited from disclosure under the Trade Secrets Act,
# //  18 U.S.C. Section 1905.
# //
# Loading sv_std.std
# Loading work.structn_sv_unit(fast)
# Loading work.struct1(fast)
# run -all
# 
#  Unpacked structure example
# 
#  structure name 'employee_s'
# 
#  employee_s = '{name:"sam", salary:16897, id:123}
# 
#  size of employee_s: 48
# quit
# End time: 17:39:32 on Mar 03,2025, Elapsed time: 0:00:01
# Errors: 0, Warnings: 0
