# vsim CLI_valargs1 -l CLI_valueargs.log -c -do "run -all;quit;" "+START" "+msg=HEY!" "+file=sample.txt" 
# Start time: 11:47:43 on Mar 04,2025
# ** Note: (vsim-8009) Loading existing optimized design _opt
# //  Questa Sim
# //  Version 10.6c linux Jul 25 2017
# //
# //  Copyright 1991-2017 Mentor Graphics Corporation
# //  All Rights Reserved.
# //
# //  QuestaSim and its associated documentation contain trade
# //  secrets and commercial or financial information that are the property of
# //  Mentor Graphics Corporation and are privileged, confidential,
# //  and exempt from disclosure under the Freedom of Information Act,
# //  5 U.S.C. Section 552. Furthermore, this information
# //  is prohibited from disclosure under the Trade Secrets Act,
# //  18 U.S.C. Section 1905.
# //
# Loading sv_std.std
# Loading work.CLI_valargs1(fast)
# run -all
# $value$plusargs used above returns 1
# HEY!
# We are trying to open this file using command line arhgument and it worked!
# 
# quit
# End time: 11:47:44 on Mar 04,2025, Elapsed time: 0:00:01
# Errors: 0, Warnings: 0
