# vsim merge_events -l merging_events.log -c -do "run -all;quit;" 
# Start time: 14:39:55 on Mar 02,2025
# ** Note: (vsim-3812) Design is being optimized...
# //  Questa Sim
# //  Version 10.6c linux Jul 25 2017
# //
# //  Copyright 1991-2017 Mentor Graphics Corporation
# //  All Rights Reserved.
# //
# //  QuestaSim and its associated documentation contain trade
# //  secrets and commercial or financial information that are the property of
# //  Mentor Graphics Corporation and are privileged, confidential,
# //  and exempt from disclosure under the Freedom of Information Act,
# //  5 U.S.C. Section 552. Furthermore, this information
# //  is prohibited from disclosure under the Trade Secrets Act,
# //  18 U.S.C. Section 1905.
# //
# Loading sv_std.std
# Loading work.merge_events(fast)
# run -all
# [30] event a is done
# quit
# End time: 14:39:56 on Mar 02,2025, Elapsed time: 0:00:01
# Errors: 0, Warnings: 0
