# vsim constraint_mode -l constraint_mode_code_output.log -c -do "run -all; exit;" 
# Start time: 13:52:39 on Feb 28,2025
# ** Note: (vsim-3813) Design is being optimized due to module recompilation...
# //  Questa Sim
# //  Version 10.6c linux Jul 25 2017
# //
# //  Copyright 1991-2017 Mentor Graphics Corporation
# //  All Rights Reserved.
# //
# //  QuestaSim and its associated documentation contain trade
# //  secrets and commercial or financial information that are the property of
# //  Mentor Graphics Corporation and are privileged, confidential,
# //  and exempt from disclosure under the Freedom of Information Act,
# //  5 U.S.C. Section 552. Furthermore, this information
# //  is prohibited from disclosure under the Trade Secrets Act,
# //  18 U.S.C. Section 1905.
# //
# Loading sv_std.std
# Loading work.constraint_mode_code_sv_unit(fast)
# Loading work.constraint_mode(fast)
# run -all
# 	 If constraint mode is 1, it will display 5, 10, or 15
# 	 If constraint mode is 0, it will display random values
# 	 Before Constraint disable
# 	 Value of constraint mode = 1
# 	 data = 15
# 	 After Constraint disable
# 	 Value of constraint mode = 0
# 	 data = 6
# 	 data = 2
# 	 data = 7
# 	 data = 8
# 	 data = 7
#  exit
# End time: 13:52:40 on Feb 28,2025, Elapsed time: 0:00:01
# Errors: 0, Warnings: 0
