# vsim multi_packed -l multi_packed.log -c -do "log -r /*; add wave -r /*; run -all;quit;" -wlf waveform.wlf 
# Start time: 14:14:51 on Mar 03,2025
# ** Note: (vsim-3813) Design is being optimized due to module recompilation...
# ** Warning: multi_packed.sv(21): (vopt-2897) Using non-standard foreach loop variable list syntax.
# //  Questa Sim
# //  Version 10.6c linux Jul 25 2017
# //
# //  Copyright 1991-2017 Mentor Graphics Corporation
# //  All Rights Reserved.
# //
# //  QuestaSim and its associated documentation contain trade
# //  secrets and commercial or financial information that are the property of
# //  Mentor Graphics Corporation and are privileged, confidential,
# //  and exempt from disclosure under the Freedom of Information Act,
# //  5 U.S.C. Section 552. Furthermore, this information
# //  is prohibited from disclosure under the Trade Secrets Act,
# //  18 U.S.C. Section 1905.
# //
# Loading sv_std.std
# Loading work.multi_packed(fast)
# log -r /*
#  add wave -r /*
#  run -all
# 
# // example of 2 dimensional array
# 
# // array value printing in one line
# value of array xyz = '{13, 15, 14}
# 
# // array value printing bit by bit
# value of xyz[2][3] = 1
# value of xyz[2][2] = 1
# value of xyz[2][1] = 0
# value of xyz[2][0] = 1
# value of xyz[1][3] = 1
# value of xyz[1][2] = 1
# value of xyz[1][1] = 1
# value of xyz[1][0] = 1
# value of xyz[0][3] = 1
# value of xyz[0][2] = 1
# value of xyz[0][1] = 1
# value of xyz[0][0] = 0
# quit
# End time: 14:14:52 on Mar 03,2025, Elapsed time: 0:00:01
# Errors: 0, Warnings: 1
