# vsim -cvgperinstance range_of_repeat_bin -l range_of_repeat_bin.log -c -do "coverage save -onexit range_of_repeat_bin.ucdb;run -all;exit;" 
# Start time: 09:52:30 on Mar 01,2025
# ** Note: (vsim-3813) Design is being optimized due to module recompilation...
# //  Questa Sim
# //  Version 10.6c linux Jul 25 2017
# //
# //  Copyright 1991-2017 Mentor Graphics Corporation
# //  All Rights Reserved.
# //
# //  QuestaSim and its associated documentation contain trade
# //  secrets and commercial or financial information that are the property of
# //  Mentor Graphics Corporation and are privileged, confidential,
# //  and exempt from disclosure under the Freedom of Information Act,
# //  5 U.S.C. Section 552. Furthermore, this information
# //  is prohibited from disclosure under the Trade Secrets Act,
# //  18 U.S.C. Section 1905.
# //
# Loading sv_std.std
# Loading work.range_of_repeat_bin(fast)
# coverage save -onexit range_of_repeat_bin.ucdb
# run -all
# val =  2, cov = 0.00 %
# val =  3, cov = 0.00 %
# val =  2, cov = 0.00 %
# val =  2, cov = 0.00 %
# val =  2, cov = 50.00 %
# val =  2, cov = 50.00 %
# val =  4, cov = 50.00 %
# val =  4, cov = 50.00 %
# exit
# Saving coverage database on exit...
# End time: 09:52:31 on Mar 01,2025, Elapsed time: 0:00:01
# Errors: 0, Warnings: 0
