# vsim array_find -l arrayfind.log -c -do "run -all; exit;" 
# Start time: 17:11:18 on Mar 03,2025
# ** Note: (vsim-3813) Design is being optimized due to module recompilation...
# //  Questa Sim
# //  Version 10.6c linux Jul 25 2017
# //
# //  Copyright 1991-2017 Mentor Graphics Corporation
# //  All Rights Reserved.
# //
# //  QuestaSim and its associated documentation contain trade
# //  secrets and commercial or financial information that are the property of
# //  Mentor Graphics Corporation and are privileged, confidential,
# //  and exempt from disclosure under the Freedom of Information Act,
# //  5 U.S.C. Section 552. Furthermore, this information
# //  is prohibited from disclosure under the Trade Secrets Act,
# //  18 U.S.C. Section 1905.
# //
# Loading sv_std.std
# Loading work.array_find(fast)
# run -all
# 
# array[5] = ['bangalore', 'yelahanka', 'maruthinagar', 'oldtown', 'newtown']
# 
# ASCII character and its values 
#  b=098; 
#  y=121; 
#  m=109; 
#  o=111; 
#  n=110;
# 
#  OUTPUT:
# 
#  // find()-Returns all elements satisfying (check >='oldtown'):
# 	 '{"yelahanka", "oldtown"}
# 
#  // find_index()-Returns the indices of all elements satisfying(check =='yelahanka'):
# 	 '{1}
# 
#  // find_first()-Returns the first element satisfying(check < 'yelahanka' & check >= 'newton' ): 
# 	 '{"oldtown"}
# 
#  // find_first_index()-Returns the index of the first element satisfying(check < 'yelahanka'): 
# 	 '{0}
# 
#  // find_last()- Returns the last element satisfying(check <'oldtown'): 
# 	 '{"newtown"}
# 
#  // find_last_index()-Returns the index of the last element satisfying (check < 'oldtown'): 
# 	 '{4}
# 
#  exit
# End time: 17:11:19 on Mar 03,2025, Elapsed time: 0:00:01
# Errors: 0, Warnings: 0
