# vsim fork_join -l fork_join.log -c -do "run -all;quit;" 
# Start time: 10:29:46 on Feb 26,2025
# ** Note: (vsim-3812) Design is being optimized...
# //  Questa Sim
# //  Version 10.6c linux Jul 25 2017
# //
# //  Copyright 1991-2017 Mentor Graphics Corporation
# //  All Rights Reserved.
# //
# //  QuestaSim and its associated documentation contain trade
# //  secrets and commercial or financial information that are the property of
# //  Mentor Graphics Corporation and are privileged, confidential,
# //  and exempt from disclosure under the Freedom of Information Act,
# //  5 U.S.C. Section 552. Furthermore, this information
# //  is prohibited from disclosure under the Trade Secrets Act,
# //  18 U.S.C. Section 1905.
# //
# Loading sv_std.std
# Loading work.fork_join(fast)
# run -all
# [0] Thread_T1: Values of a= 5,b= 6, c= 0,d= 0
# [1] Thread-T2: Values of a= 6,b= 7, c= 0,d= 0
# [2] Event is triggered
# [2] Thread-T2: Values of a= 6,b= 7, c= 7,d= 0
# [3] Thread_T3: value of a= 6,b= 7, c= 7,d= 7
# [3] Thread-T2: Values of a= 6,b= 1, c= 7,d= 7
# quit
# End time: 10:29:47 on Feb 26,2025, Elapsed time: 0:00:01
# Errors: 0, Warnings: 0
