# vsim stat_array -l single_static_array.log -c -do "run -all; exit;" 
# Start time: 22:34:21 on Feb 27,2025
# ** Note: (vsim-3812) Design is being optimized...
# //  Questa Sim
# //  Version 10.6c linux Jul 25 2017
# //
# //  Copyright 1991-2017 Mentor Graphics Corporation
# //  All Rights Reserved.
# //
# //  QuestaSim and its associated documentation contain trade
# //  secrets and commercial or financial information that are the property of
# //  Mentor Graphics Corporation and are privileged, confidential,
# //  and exempt from disclosure under the Freedom of Information Act,
# //  5 U.S.C. Section 552. Furthermore, this information
# //  is prohibited from disclosure under the Trade Secrets Act,
# //  18 U.S.C. Section 1905.
# //
# Loading sv_std.std
# Loading work.single_static_array_sv_unit(fast)
# Loading work.stat_array(fast)
# run -all
# Static array - Size is already declared. So, we can only randomize
#                the elements of it.
# -------------------------------------------------------------------
# rand byte a[7];  // Data type is byte
# -------------------------------------------------------------------
# Before randomizing the elements of array 'a'
# Assign by default value of array data type.
# 0 0 0 0 0 0 0
# -------------------------------------------------------------------
# After randomizing the elements of array 'a'
# Output = 81 98 10 53 -66 -122 103
# -------------------------------------------------------------------
#  exit
# End time: 22:34:22 on Feb 27,2025, Elapsed time: 0:00:01
# Errors: 0, Warnings: 0
