# vsim top -l unique0_case_op.log -c -do "run -all;exit;" 
# Start time: 11:49:38 on Feb 25,2025
# ** Note: (vsim-3812) Design is being optimized...
# ** Warning: unique0_case.sv(25): (vopt-2584) there is a matching case item hence not unique
# //  Questa Sim
# //  Version 10.6c linux Jul 25 2017
# //
# //  Copyright 1991-2017 Mentor Graphics Corporation
# //  All Rights Reserved.
# //
# //  QuestaSim and its associated documentation contain trade
# //  secrets and commercial or financial information that are the property of
# //  Mentor Graphics Corporation and are privileged, confidential,
# //  and exempt from disclosure under the Freedom of Information Act,
# //  5 U.S.C. Section 552. Furthermore, this information
# //  is prohibited from disclosure under the Trade Secrets Act,
# //  18 U.S.C. Section 1905.
# //
# Loading sv_std.std
# Loading work.top(fast)
# run -all
# ** Warning: (vsim-8360) unique0_case.sv(20): The if/case statement is not unique.
#    Time: 0 ns  Iteration: 0  Instance: /top
#  Value of x is = 1
# exit
# End time: 11:49:38 on Feb 25,2025, Elapsed time: 0:00:00
# Errors: 0, Warnings: 2
