# vsim solve_before -l solve_before.log -c -do "run -all;exit;" 
# Start time: 12:52:49 on Feb 28,2025
# ** Note: (vsim-3813) Design is being optimized due to module recompilation...
# //  Questa Sim
# //  Version 10.6c linux Jul 25 2017
# //
# //  Copyright 1991-2017 Mentor Graphics Corporation
# //  All Rights Reserved.
# //
# //  QuestaSim and its associated documentation contain trade
# //  secrets and commercial or financial information that are the property of
# //  Mentor Graphics Corporation and are privileged, confidential,
# //  and exempt from disclosure under the Freedom of Information Act,
# //  5 U.S.C. Section 552. Furthermore, this information
# //  is prohibited from disclosure under the Trade Secrets Act,
# //  18 U.S.C. Section 1905.
# //
# Loading sv_std.std
# Loading work.solve_before_sv_unit(fast)
# Loading work.solve_before(fast)
# run -all
# [1;31m 	------Without solve before----------
# 	[1] @ iteration: 1 -----> value1: 0 	 value2: 10
# 	[2] @ iteration: 2 -----> value1: 0 	 value2: 10
# 	[3] @ iteration: 3 -----> value1: 0 	 value2: 0
# 	[4] @ iteration: 4 -----> value1: 0 	 value2: 7
# 	[5] @ iteration: 5 -----> value1: 0 	 value2: 13
# 	[6] @ iteration: 6 -----> value1: 0 	 value2: 14
# 	[7] @ iteration: 7 -----> value1: 0 	 value2: 4
# 	[8] @ iteration: 8 -----> value1: 0 	 value2: 1
# 	[9] @ iteration: 9 -----> value1: 0 	 value2: 13
# 	[10] @ iteration: 10 -----> value1: 0 	 value2: 10
# 	[11] @ iteration: 11 -----> value1: 0 	 value2: 4
# 	[12] @ iteration: 12 -----> value1: 0 	 value2: 11
# 	[13] @ iteration: 13 -----> value1: 0 	 value2: 12
# 	[14] @ iteration: 14 -----> value1: 0 	 value2: 5
# 	[15] @ iteration: 15 -----> value1: 0 	 value2: 13
# 	[16] @ iteration: 16 -----> value1: 0 	 value2: 7
# 	[17] @ iteration: 17 -----> value1: 0 	 value2: 15
# 	[18] @ iteration: 18 -----> value1: 0 	 value2: 0
# 	[19] @ iteration: 19 -----> value1: 0 	 value2: 13
# 	[20] @ iteration: 20 -----> value1: 0 	 value2: 9
# 	[21] @ iteration: 21 -----> value1: 0 	 value2: 7
# 	[22] @ iteration: 22 -----> value1: 0 	 value2: 14
# 	[23] @ iteration: 23 -----> value1: 0 	 value2: 11
# 	[24] @ iteration: 24 -----> value1: 0 	 value2: 12
# 	[25] @ iteration: 25 -----> value1: 0 	 value2: 10
# 	[26] @ iteration: 26 -----> value1: 1 	 value2: 1
# 	[27] @ iteration: 27 -----> value1: 0 	 value2: 13
# 	[28] @ iteration: 28 -----> value1: 0 	 value2: 12
# 	[29] @ iteration: 29 -----> value1: 0 	 value2: 4
# 	[30] @ iteration: 30 -----> value1: 0 	 value2: 10
# 	[31] @ iteration: 31 -----> value1: 0 	 value2: 3
# 	[32] @ iteration: 32 -----> value1: 0 	 value2: 1
# 
# [1;34m	 -----with solve before--------
# 	[33] @ iteration: 1 -----> value1: 1 	 value2: 1
# 	[34] @ iteration: 2 -----> value1: 0 	 value2: 12
# 	[35] @ iteration: 3 -----> value1: 1 	 value2: 1
# 	[36] @ iteration: 4 -----> value1: 0 	 value2: 12
# 	[37] @ iteration: 5 -----> value1: 0 	 value2: 7
# 	[38] @ iteration: 6 -----> value1: 1 	 value2: 1
# 	[39] @ iteration: 7 -----> value1: 1 	 value2: 1
# 	[40] @ iteration: 8 -----> value1: 0 	 value2: 8
# 	[41] @ iteration: 9 -----> value1: 0 	 value2: 15
# 	[42] @ iteration: 10 -----> value1: 1 	 value2: 1
# [0mexit
# End time: 12:52:50 on Feb 28,2025, Elapsed time: 0:00:01
# Errors: 0, Warnings: 0
