# vsim -cvgperinstance implicit_bin -l implicit_bin.log -c -do "coverage save -onexit implicit_bin.ucdb;run -all;exit;" 
# Start time: 09:09:25 on Mar 01,2025
# ** Note: (vsim-8009) Loading existing optimized design _opt
# //  Questa Sim
# //  Version 10.6c linux Jul 25 2017
# //
# //  Copyright 1991-2017 Mentor Graphics Corporation
# //  All Rights Reserved.
# //
# //  QuestaSim and its associated documentation contain trade
# //  secrets and commercial or financial information that are the property of
# //  Mentor Graphics Corporation and are privileged, confidential,
# //  and exempt from disclosure under the Freedom of Information Act,
# //  5 U.S.C. Section 552. Furthermore, this information
# //  is prohibited from disclosure under the Trade Secrets Act,
# //  18 U.S.C. Section 1905.
# //
# Loading sv_std.std
# Loading work.implicit_bin(fast)
# coverage save -onexit implicit_bin.ucdb
# run -all
# a=4,coverage = 12.50 %
# a=1,coverage = 25.00 %
# a=1,coverage = 25.00 %
# a=3,coverage = 37.50 %
# a=5,coverage = 50.00 %
# exit
# Saving coverage database on exit...
# End time: 09:09:26 on Mar 01,2025, Elapsed time: 0:00:01
# Errors: 0, Warnings: 0
