Command: vcs -V -R -full64 -sverilog +v2k -debug_access+all overlapped.sv -l overlapped.log \

/hwetools/synosys/installed_tools/vcs/Q-2020.03-SP2-8/linux64/bin/vcs1 -Mcc=gcc -Mcplusplus=g++ \
-Masflags= -Mcfl= -pipe -fPIC -O -I/hwetools/synosys/installed_tools/vcs/Q-2020.03-SP2-8/include \
-Mxllcflags= -Mxcflags= -pipe -fPIC -I/hwetools/synosys/installed_tools/vcs/Q-2020.03-SP2-8/include \
-Mldflags= -rdynamic  -Mout=simv -Mamsrun="" -Mvcsaceobjs="" -Mobjects=" /hwetools/synosys/installed_tools/vcs/Q-2020.03-SP2-8/linux64/lib/libvirsim.so \
/hwetools/synosys/installed_tools/vcs/Q-2020.03-SP2-8/linux64/lib/liberrorinf.so \
/hwetools/synosys/installed_tools/vcs/Q-2020.03-SP2-8/linux64/lib/libsnpsmalloc.so \
/hwetools/synosys/installed_tools/vcs/Q-2020.03-SP2-8/linux64/lib/libvfs.so " -Mexternalobj= \
-Msaverestoreobj=/hwetools/synosys/installed_tools/vcs/Q-2020.03-SP2-8/linux64/lib/vcs_save_restore_new.o \
-Mcrt0= -Mcrtn="" -Mcsrc="" -Msyslibs=/hwetools/synosys/installed_tools/verdi/Q-2020.03-SP2-8/share/PLI/VCS/LINUX64/pli.a \
-ldl  -l overlapped.log -Xvcs_run_simv=1 -V -full64 +v2k -debug_access+all +vpi +vcsd1 \
+itf+/hwetools/synosys/installed_tools/vcs/Q-2020.03-SP2-8/linux64/lib/vcsdp_lite.tab \
-picarchive -P /hwetools/synosys/installed_tools/verdi/Q-2020.03-SP2-8/share/PLI/VCS/LINUX64/verdi.tab \
-fsdb -sverilog -gen_obj overlapped.sv  
                         Chronologic VCS (TM)
      Version Q-2020.03-SP2-8_Full64 -- Sun Mar  2 15:59:05 2025
               Copyright (c) 1991-2020 by Synopsys Inc.
                         ALL RIGHTS RESERVED

This program is proprietary and confidential information of Synopsys Inc.
and may be used and disclosed only as authorized in a license agreement
controlling such use and disclosure.

Parsing design file 'overlapped.sv'
Top Level Modules:
       overlapped_assertion
No TimeScale specified
Starting vcs inline pass...

1 module and 0 UDP read.
recompiling module overlapped_assertion
( cd csrc ; make -f Makefile SNPS_VCS_TMPDIR=/tmp/vcs_20250302102904_3437 product \
)
make[2]: Entering directory `/hwetools/work_area/frontend/gopal_b7/git_test1/mBits/SystemVerilogCourse/assertion/implication_operator/overlapped_implication/csrc' \

rm -f _cuarc*.so _csrc*.so pre_vcsobj_*.so share_vcsobj_*.so
ld -shared  -Bsymbolic   -o .//../simv.daidir//_cuarc0.so objs/amcQw_d.o 
rm -f _cuarc0.so
if [ -x ../simv ]; then chmod a-x ../simv; fi
g++  -o ../simv      -rdynamic  -Wl,-rpath='$ORIGIN'/simv.daidir -Wl,-rpath=./simv.daidir \
-Wl,-rpath=/hwetools/synosys/installed_tools/vcs/Q-2020.03-SP2-8/linux64/lib -L/hwetools/synosys/installed_tools/vcs/Q-2020.03-SP2-8/linux64/lib \
-Wl,-rpath-link=./  /usr/lib64/libnuma.so.1     _4552_archive_1.so _prev_archive_1.so \
_cuarc0.so  SIM_l.o      rmapats_mop.o rmapats.o rmar.o rmar_nd.o  rmar_llvm_0_1.o \
rmar_llvm_0_0.o          -lvirsim -lerrorinf -lsnpsmalloc -lvfs    -lvcsnew -lsimprofile \
-luclinative /hwetools/synosys/installed_tools/vcs/Q-2020.03-SP2-8/linux64/lib/vcs_tls.o \
-Wl,-whole-archive  -lvcsucli    -Wl,-no-whole-archive        _vcs_pli_stub_.o   \
/hwetools/synosys/installed_tools/vcs/Q-2020.03-SP2-8/linux64/lib/vcs_save_restore_new.o \
/hwetools/synosys/installed_tools/verdi/Q-2020.03-SP2-8/share/PLI/VCS/LINUX64/pli.a \
-ldl  -lc -lm -lpthread -ldl 
../simv up to date
make[2]: Leaving directory `/hwetools/work_area/frontend/gopal_b7/git_test1/mBits/SystemVerilogCourse/assertion/implication_operator/overlapped_implication/csrc' \

Running simv -V +v2k -a overlapped.log 
Command: /hwetools/work_area/frontend/gopal_b7/git_test1/mBits/SystemVerilogCourse/assertion/implication_operator/overlapped_implication/./simv -V +v2k -a overlapped.log
Chronologic VCS simulator copyright 1991-2020
Contains Synopsys proprietary information.
Compiler version Q-2020.03-SP2-8_Full64; Runtime version Q-2020.03-SP2-8_Full64;  Mar  2 15:59 2025
VCS Build Date = Sep 11 2021 20:22:52
Start run at Mar  2 15:59 2025

Info: "overlapped.sv", 36: overlapped_assertion.a_1: at time 35
pass
"overlapped.sv", 36: overlapped_assertion.a_1: started at 15s failed at 45s
	Offending 'b'
Info: "overlapped.sv", 36: overlapped_assertion.a_1: at time 45
fail
Info: "overlapped.sv", 36: overlapped_assertion.a_1: at time 55
pass
"overlapped.sv", 36: overlapped_assertion.a_1: started at 35s failed at 65s
	Offending 'b'
Info: "overlapped.sv", 36: overlapped_assertion.a_1: at time 65
fail
"overlapped.sv", 36: overlapped_assertion.a_1: started at 45s failed at 75s
	Offending 'b'
Info: "overlapped.sv", 36: overlapped_assertion.a_1: at time 75
fail
$finish called from file "overlapped.sv", line 26.
$finish at simulation time                  162
           V C S   S i m u l a t i o n   R e p o r t 
Time: 162
CPU Time:      0.450 seconds;       Data structure size:   0.0Mb
Sun Mar  2 15:59:10 2025
CPU time: .321 seconds to compile + .260 seconds to elab + .437 seconds to link + .479 seconds in simulation
