# vsim rand_var -l rand_variable.log -c -do "run -all; exit;" 
# Start time: 21:43:23 on Feb 27,2025
# ** Note: (vsim-3812) Design is being optimized...
# //  Questa Sim
# //  Version 10.6c linux Jul 25 2017
# //
# //  Copyright 1991-2017 Mentor Graphics Corporation
# //  All Rights Reserved.
# //
# //  QuestaSim and its associated documentation contain trade
# //  secrets and commercial or financial information that are the property of
# //  Mentor Graphics Corporation and are privileged, confidential,
# //  and exempt from disclosure under the Freedom of Information Act,
# //  5 U.S.C. Section 552. Furthermore, this information
# //  is prohibited from disclosure under the Trade Secrets Act,
# //  18 U.S.C. Section 1905.
# //
# Loading sv_std.std
# Loading work.rand_variable_sv_unit(fast)
# Loading work.rand_var(fast)
# run -all
# rand - Randomizing the value of the variable in non-cycling form
# Iteration = 0, Random value of a = 0
# Iteration = 1, Random value of a = 1
# Iteration = 2, Random value of a = 1
# Iteration = 3, Random value of a = 3
# Iteration = 4, Random value of a = 4
# Iteration = 5, Random value of a = 5
# Iteration = 6, Random value of a = 5
# Iteration = 7, Random value of a = 2
# Iteration = 8, Random value of a = 1
# Iteration = 9, Random value of a = 7
# Iteration = 10, Random value of a = 2
# -----------------------------------------------------------------
#  exit
# End time: 21:43:24 on Feb 27,2025, Elapsed time: 0:00:01
# Errors: 0, Warnings: 0
