# vsim work.fine_suspend -l fine_suspend.log -c -do "run -all;exit;" 
# Start time: 23:34:56 on Feb 25,2025
# ** Note: (vsim-3813) Design is being optimized due to module recompilation...
# //  Questa Sim
# //  Version 10.6c linux Jul 25 2017
# //
# //  Copyright 1991-2017 Mentor Graphics Corporation
# //  All Rights Reserved.
# //
# //  QuestaSim and its associated documentation contain trade
# //  secrets and commercial or financial information that are the property of
# //  Mentor Graphics Corporation and are privileged, confidential,
# //  and exempt from disclosure under the Freedom of Information Act,
# //  5 U.S.C. Section 552. Furthermore, this information
# //  is prohibited from disclosure under the Trade Secrets Act,
# //  18 U.S.C. Section 1905.
# //
# Loading sv_std.std
# Loading work.fine_suspend(fast)
# run -all
# [0] Seeking status:
# [1] I am in process p1
# [1] Initial status of p1: RUNNING
# [2] Status of p1 before suspending: RUNNING
# [2] I am in process p2
# [2] Initial status of p2: RUNNING
# [3] status of p1 after suspended: SUSPENDED
# [3] Final status of p2: FINISHED
# exit
# End time: 23:34:56 on Feb 25,2025, Elapsed time: 0:00:00
# Errors: 0, Warnings: 0
