Command: vcs -V -R -full64 -sverilog +v2k -debug_access+all formal_argument.sv -l \
formal_argument.log
/hwetools/synosys/installed_tools/vcs/Q-2020.03-SP2-8/linux64/bin/vcs1 -Mcc=gcc -Mcplusplus=g++ \
-Masflags= -Mcfl= -pipe -fPIC -O -I/hwetools/synosys/installed_tools/vcs/Q-2020.03-SP2-8/include \
-Mxllcflags= -Mxcflags= -pipe -fPIC -I/hwetools/synosys/installed_tools/vcs/Q-2020.03-SP2-8/include \
-Mldflags= -rdynamic  -Mout=simv -Mamsrun="" -Mvcsaceobjs="" -Mobjects=" /hwetools/synosys/installed_tools/vcs/Q-2020.03-SP2-8/linux64/lib/libvirsim.so \
/hwetools/synosys/installed_tools/vcs/Q-2020.03-SP2-8/linux64/lib/liberrorinf.so \
/hwetools/synosys/installed_tools/vcs/Q-2020.03-SP2-8/linux64/lib/libsnpsmalloc.so \
/hwetools/synosys/installed_tools/vcs/Q-2020.03-SP2-8/linux64/lib/libvfs.so " -Mexternalobj= \
-Msaverestoreobj=/hwetools/synosys/installed_tools/vcs/Q-2020.03-SP2-8/linux64/lib/vcs_save_restore_new.o \
-Mcrt0= -Mcrtn="" -Mcsrc="" -Msyslibs=/hwetools/synosys/installed_tools/verdi/Q-2020.03-SP2-8/share/PLI/VCS/LINUX64/pli.a \
-ldl  -l formal_argument.log -Xvcs_run_simv=1 -V -full64 +v2k -debug_access+all +vpi \
+vcsd1 +itf+/hwetools/synosys/installed_tools/vcs/Q-2020.03-SP2-8/linux64/lib/vcsdp_lite.tab \
-picarchive -P /hwetools/synosys/installed_tools/verdi/Q-2020.03-SP2-8/share/PLI/VCS/LINUX64/verdi.tab \
-fsdb -sverilog -gen_obj formal_argument.sv  
                         Chronologic VCS (TM)
      Version Q-2020.03-SP2-8_Full64 -- Sun Mar  2 15:37:08 2025
               Copyright (c) 1991-2020 by Synopsys Inc.
                         ALL RIGHTS RESERVED

This program is proprietary and confidential information of Synopsys Inc.
and may be used and disclosed only as authorized in a license agreement
controlling such use and disclosure.

Parsing design file 'formal_argument.sv'
Top Level Modules:
       formal_argument
No TimeScale specified
Starting vcs inline pass...

1 module and 0 UDP read.
recompiling module formal_argument
( cd csrc ; make -f Makefile SNPS_VCS_TMPDIR=/tmp/vcs_20250302100707_23911 product \
)
make[2]: Entering directory `/hwetools/work_area/frontend/gopal_b7/git_test1/mBits/SystemVerilogCourse/assertion/formal_argument/csrc' \

rm -f _cuarc*.so _csrc*.so pre_vcsobj_*.so share_vcsobj_*.so
ld -shared  -Bsymbolic   -o .//../simv.daidir//_cuarc0.so objs/amcQw_d.o 
rm -f _cuarc0.so
if [ -x ../simv ]; then chmod a-x ../simv; fi
g++  -o ../simv      -rdynamic  -Wl,-rpath='$ORIGIN'/simv.daidir -Wl,-rpath=./simv.daidir \
-Wl,-rpath=/hwetools/synosys/installed_tools/vcs/Q-2020.03-SP2-8/linux64/lib -L/hwetools/synosys/installed_tools/vcs/Q-2020.03-SP2-8/linux64/lib \
-Wl,-rpath-link=./  /usr/lib64/libnuma.so.1     _24908_archive_1.so _prev_archive_1.so \
_cuarc0.so  SIM_l.o      rmapats_mop.o rmapats.o rmar.o rmar_nd.o  rmar_llvm_0_1.o \
rmar_llvm_0_0.o          -lvirsim -lerrorinf -lsnpsmalloc -lvfs    -lvcsnew -lsimprofile \
-luclinative /hwetools/synosys/installed_tools/vcs/Q-2020.03-SP2-8/linux64/lib/vcs_tls.o \
-Wl,-whole-archive  -lvcsucli    -Wl,-no-whole-archive        _vcs_pli_stub_.o   \
/hwetools/synosys/installed_tools/vcs/Q-2020.03-SP2-8/linux64/lib/vcs_save_restore_new.o \
/hwetools/synosys/installed_tools/verdi/Q-2020.03-SP2-8/share/PLI/VCS/LINUX64/pli.a \
-ldl  -lc -lm -lpthread -ldl 
../simv up to date
make[2]: Leaving directory `/hwetools/work_area/frontend/gopal_b7/git_test1/mBits/SystemVerilogCourse/assertion/formal_argument/csrc' \

Running simv -V +v2k -a formal_argument.log 
Command: /hwetools/work_area/frontend/gopal_b7/git_test1/mBits/SystemVerilogCourse/assertion/formal_argument/./simv -V +v2k -a formal_argument.log
Chronologic VCS simulator copyright 1991-2020
Contains Synopsys proprietary information.
Compiler version Q-2020.03-SP2-8_Full64; Runtime version Q-2020.03-SP2-8_Full64;  Mar  2 15:37 2025
VCS Build Date = Sep 11 2021 20:22:52
Start run at Mar  2 15:37 2025

"formal_argument.sv", 34: formal_argument.a_b_notype_assert: started at 25s failed at 25s
	Offending '(a && b)'
Error: "formal_argument.sv", 34: formal_argument.a_b_notype_assert: at time 25
assertion failed
Info: "formal_argument.sv", 34: formal_argument.a_b_notype_assert: at time 35
assertion passed
Info: "formal_argument.sv", 40: formal_argument.c_d_type_assert: at time 35
assertion passed
"formal_argument.sv", 34: formal_argument.a_b_notype_assert: started at 45s failed at 45s
	Offending '(a && b)'
Error: "formal_argument.sv", 34: formal_argument.a_b_notype_assert: at time 45
assertion failed
Info: "formal_argument.sv", 40: formal_argument.c_d_type_assert: at time 45
assertion passed
Info: "formal_argument.sv", 34: formal_argument.a_b_notype_assert: at time 55
assertion passed
"formal_argument.sv", 40: formal_argument.c_d_type_assert: started at 55s failed at 55s
	Offending '(c && d)'
Error: "formal_argument.sv", 40: formal_argument.c_d_type_assert: at time 55
assertion failed
$finish called from file "formal_argument.sv", line 65.
$finish at simulation time                   65
           V C S   S i m u l a t i o n   R e p o r t 
Time: 65
CPU Time:      0.440 seconds;       Data structure size:   0.0Mb
Sun Mar  2 15:37:14 2025
CPU time: .332 seconds to compile + .258 seconds to elab + .430 seconds to link + .476 seconds in simulation
