# vsim static_exm -l sro_static.log -c -do "run -all;exit;" 
# Start time: 10:30:05 on Mar 04,2025
# ** Note: (vsim-3813) Design is being optimized due to module recompilation...
# //  Questa Sim
# //  Version 10.6c linux Jul 25 2017
# //
# //  Copyright 1991-2017 Mentor Graphics Corporation
# //  All Rights Reserved.
# //
# //  QuestaSim and its associated documentation contain trade
# //  secrets and commercial or financial information that are the property of
# //  Mentor Graphics Corporation and are privileged, confidential,
# //  and exempt from disclosure under the Freedom of Information Act,
# //  5 U.S.C. Section 552. Furthermore, this information
# //  is prohibited from disclosure under the Trade Secrets Act,
# //  18 U.S.C. Section 1905.
# //
# Loading sv_std.std
# Loading work.sro_static_sv_unit(fast)
# Loading work.static_exm(fast)
# run -all
# Using the scope resolution operator we can access the static properties
# value of a=10
# value of b=20
# exit
# End time: 10:30:07 on Mar 04,2025, Elapsed time: 0:00:02
# Errors: 0, Warnings: 0
