# vsim top -l interface.log -c -do "run -all;exit;" 
# Start time: 22:57:40 on Feb 27,2025
# ** Note: (vsim-3812) Design is being optimized...
# ** Warning: (vopt-3838) test.sv(6): Variable 'output_y' written by continuous and procedural assignments. 
# One of the assignments is implicit. See top.sv(10). 
# //  Questa Sim
# //  Version 10.6c linux Jul 25 2017
# //
# //  Copyright 1991-2017 Mentor Graphics Corporation
# //  All Rights Reserved.
# //
# //  QuestaSim and its associated documentation contain trade
# //  secrets and commercial or financial information that are the property of
# //  Mentor Graphics Corporation and are privileged, confidential,
# //  and exempt from disclosure under the Freedom of Information Act,
# //  5 U.S.C. Section 552. Furthermore, this information
# //  is prohibited from disclosure under the Trade Secrets Act,
# //  18 U.S.C. Section 1905.
# //
# Loading sv_std.std
# Loading work.top(fast)
# ** Warning: (vsim-3838) test.sv(6): Variable '/top/inf/output_y' written by continuous and procedural assignments. 
# One of the assignments is implicit. See top.sv(10).
#    Time: 0 ns  Iteration: 0  Instance: /top/t1 File: test.sv
# run -all
# 
# // and gate output
# 
# input_a=0	 input_b=0	 output_y=0
# 
# input_a=1	 input_b=0	 output_y=0
# 
# input_a=0	 input_b=1	 output_y=0
# 
# input_a=1	 input_b=1	 output_y=1
# exit
# End time: 22:57:41 on Feb 27,2025, Elapsed time: 0:00:01
# Errors: 0, Warnings: 2
