# vsim emp_info -l struct-packed.log -c -do "run -all;quit;" 
# Start time: 17:34:52 on Mar 03,2025
# ** Note: (vsim-3812) Design is being optimized...
# //  Questa Sim
# //  Version 10.6c linux Jul 25 2017
# //
# //  Copyright 1991-2017 Mentor Graphics Corporation
# //  All Rights Reserved.
# //
# //  QuestaSim and its associated documentation contain trade
# //  secrets and commercial or financial information that are the property of
# //  Mentor Graphics Corporation and are privileged, confidential,
# //  and exempt from disclosure under the Freedom of Information Act,
# //  5 U.S.C. Section 552. Furthermore, this information
# //  is prohibited from disclosure under the Trade Secrets Act,
# //  18 U.S.C. Section 1905.
# //
# Loading sv_std.std
# Loading work.struct2dpacked_sv_unit(fast)
# Loading work.emp_info(fast)
# run -all
# 
#  Packed structure example
# 
#  structure name 'employee_details_s' 
# 
#  emp_info1.id = 43
# 
#  emp_info1.experience = 2
# 
#  emp_info1.salary = 25000
# 
#  Bitstream size of emp_info1: 32
# quit
# End time: 17:34:53 on Mar 03,2025, Elapsed time: 0:00:01
# Errors: 0, Warnings: 0
