# vsim single_memory_block -l single_memory_block_log.log -c -do "run -all;exit;" 
# Start time: 14:07:42 on Feb 28,2025
# ** Note: (vsim-3813) Design is being optimized due to module recompilation...
# //  Questa Sim
# //  Version 10.6c linux Jul 25 2017
# //
# //  Copyright 1991-2017 Mentor Graphics Corporation
# //  All Rights Reserved.
# //
# //  QuestaSim and its associated documentation contain trade
# //  secrets and commercial or financial information that are the property of
# //  Mentor Graphics Corporation and are privileged, confidential,
# //  and exempt from disclosure under the Freedom of Information Act,
# //  5 U.S.C. Section 552. Furthermore, this information
# //  is prohibited from disclosure under the Trade Secrets Act,
# //  18 U.S.C. Section 1905.
# //
# Loading sv_std.std
# Loading work.single_memory_block_sv_unit(fast)
# Loading work.single_memory_block(fast)
# run -all
# 	----memory block----
# 	 RAM start addr : 0
# 	 RAM end addr : 2047
# 	 BLOCK start addr : 1896
# 	 BLOCK end addr : 1959
# 	 BLOCK SIZE:64
# exit
# End time: 14:07:43 on Feb 28,2025, Elapsed time: 0:00:01
# Errors: 0, Warnings: 0
