# vsim non_blocking_event -l non_blocking_events.log -c -do "run -all;exit;" 
# Start time: 11:19:19 on Mar 03,2025
# ** Note: (vsim-3812) Design is being optimized...
# //  Questa Sim
# //  Version 10.6c linux Jul 25 2017
# //
# //  Copyright 1991-2017 Mentor Graphics Corporation
# //  All Rights Reserved.
# //
# //  QuestaSim and its associated documentation contain trade
# //  secrets and commercial or financial information that are the property of
# //  Mentor Graphics Corporation and are privileged, confidential,
# //  and exempt from disclosure under the Freedom of Information Act,
# //  5 U.S.C. Section 552. Furthermore, this information
# //  is prohibited from disclosure under the Trade Secrets Act,
# //  18 U.S.C. Section 1905.
# //
# Loading sv_std.std
# Loading work.non_blocking_event(fast)
# run -all
#                    0	 triggering the event
#                    0	 waiting for the event using wait
#                    0	 waiting for the event using @
#                    0	 event BJT is triggered using @
#                    0	 event BJT is triggered using wait
# exit
# End time: 11:19:20 on Mar 03,2025, Elapsed time: 0:00:01
# Errors: 0, Warnings: 0
