# vsim -cvgperinstance using_evnt -l using_evnt.log -c -do "coverage save -onexit using_evnt.ucdb;run -all;exit;" 
# Start time: 18:40:49 on Feb 28,2025
# ** Note: (vsim-3812) Design is being optimized...
# //  Questa Sim
# //  Version 10.6c linux Jul 25 2017
# //
# //  Copyright 1991-2017 Mentor Graphics Corporation
# //  All Rights Reserved.
# //
# //  QuestaSim and its associated documentation contain trade
# //  secrets and commercial or financial information that are the property of
# //  Mentor Graphics Corporation and are privileged, confidential,
# //  and exempt from disclosure under the Freedom of Information Act,
# //  5 U.S.C. Section 552. Furthermore, this information
# //  is prohibited from disclosure under the Trade Secrets Act,
# //  18 U.S.C. Section 1905.
# //
# Loading sv_std.std
# Loading work.using_evnt(fast)
# coverage save -onexit using_evnt.ucdb
# run -all
# a = 0 ; coverage = 25.00
# a = 1 ; coverage = 25.00
# a = 1 ; coverage = 25.00
# a = 3 ; coverage = 25.00
# a = 1 ; coverage = 25.00
# exit
# Saving coverage database on exit...
# End time: 18:40:50 on Feb 28,2025, Elapsed time: 0:00:01
# Errors: 0, Warnings: 0
