# vsim work.fine_self -l fine_self.log -c -do "run -all;exit;" 
# Start time: 23:34:23 on Feb 25,2025
# ** Note: (vsim-3813) Design is being optimized due to module recompilation...
# //  Questa Sim
# //  Version 10.6c linux Jul 25 2017
# //
# //  Copyright 1991-2017 Mentor Graphics Corporation
# //  All Rights Reserved.
# //
# //  QuestaSim and its associated documentation contain trade
# //  secrets and commercial or financial information that are the property of
# //  Mentor Graphics Corporation and are privileged, confidential,
# //  and exempt from disclosure under the Freedom of Information Act,
# //  5 U.S.C. Section 552. Furthermore, this information
# //  is prohibited from disclosure under the Trade Secrets Act,
# //  18 U.S.C. Section 1905.
# //
# Loading sv_std.std
# Loading work.fine_self(fast)
# run -all
# [0] We are getting into fork-join block
# [0] Entered into fork-join and started first check for the process
# [0] Not created
# [0] first check for the process done
# [1] Started second check for the process
# [1] Created
# [1] Second check for the process done
# exit
# End time: 23:34:24 on Feb 25,2025, Elapsed time: 0:00:01
# Errors: 0, Warnings: 0
