# vsim DUT TB_using_Module TB_using_Program -l program_block.log -c -do "run -all;exit;" 
# Start time: 21:09:55 on Mar 03,2025
# ** Note: (vsim-8009) Loading existing optimized design _opt
# //  Questa Sim
# //  Version 10.6c linux Jul 25 2017
# //
# //  Copyright 1991-2017 Mentor Graphics Corporation
# //  All Rights Reserved.
# //
# //  QuestaSim and its associated documentation contain trade
# //  secrets and commercial or financial information that are the property of
# //  Mentor Graphics Corporation and are privileged, confidential,
# //  and exempt from disclosure under the Freedom of Information Act,
# //  5 U.S.C. Section 552. Furthermore, this information
# //  is prohibited from disclosure under the Trade Secrets Act,
# //  18 U.S.C. Section 1905.
# //
# Loading sv_std.std
# Loading work.DUT(fast)
# Loading work.TB_using_Module(fast)
# Loading work.TB_using_Program(fast)
# run -all
# Module_based_TB : a = 0
# Program_based_TB : a = 1
# ** Note: implicit $finish from program    : program_block.sv(21)
#    Time: 0 ns  Iteration: 0  Instance: /TB_using_Program
# End time: 21:09:55 on Mar 03,2025, Elapsed time: 0:00:00
# Errors: 0, Warnings: 0
