# vsim extern_exm -l sro_extern.log -c -do "run -all;exit;" 
# Start time: 10:24:45 on Mar 04,2025
# ** Note: (vsim-8009) Loading existing optimized design _opt
# //  Questa Sim
# //  Version 10.6c linux Jul 25 2017
# //
# //  Copyright 1991-2017 Mentor Graphics Corporation
# //  All Rights Reserved.
# //
# //  QuestaSim and its associated documentation contain trade
# //  secrets and commercial or financial information that are the property of
# //  Mentor Graphics Corporation and are privileged, confidential,
# //  and exempt from disclosure under the Freedom of Information Act,
# //  5 U.S.C. Section 552. Furthermore, this information
# //  is prohibited from disclosure under the Trade Secrets Act,
# //  18 U.S.C. Section 1905.
# //
# Loading sv_std.std
# Loading work.sro_extern_sv_unit(fast)
# Loading work.extern_exm(fast)
# run -all
# After summation the result1 is =15
# After subsration the result2 is =5
# exit
# End time: 10:24:45 on Mar 04,2025, Elapsed time: 0:00:00
# Errors: 0, Warnings: 0
