# vsim -cvgperinstance cvgrp_inside_mod -l cvgrp_inside_mod.log -c -do "coverage save -onexit inside_mod.ucdb;run -all;exit;" 
# Start time: 16:21:06 on Feb 28,2025
# ** Note: (vsim-3813) Design is being optimized due to module recompilation...
# //  Questa Sim
# //  Version 10.6c linux Jul 25 2017
# //
# //  Copyright 1991-2017 Mentor Graphics Corporation
# //  All Rights Reserved.
# //
# //  QuestaSim and its associated documentation contain trade
# //  secrets and commercial or financial information that are the property of
# //  Mentor Graphics Corporation and are privileged, confidential,
# //  and exempt from disclosure under the Freedom of Information Act,
# //  5 U.S.C. Section 552. Furthermore, this information
# //  is prohibited from disclosure under the Trade Secrets Act,
# //  18 U.S.C. Section 1905.
# //
# Loading sv_std.std
# Loading work.cvgrp_inside_mod_sv_unit(fast)
# Loading work.cvgrp_inside_mod(fast)
# coverage save -onexit inside_mod.ucdb
# run -all
# a=0 ; b=3 ; coverage %= 18.75%
# a=1 ; b=1 ; coverage %= 37.50%
# a=3 ; b=6 ; coverage %= 56.25%
# a=3 ; b=6 ; coverage %= 56.25%
# a=2 ; b=2 ; coverage %= 75.00%
# ** Note: $finish    : cvgrp_inside_mod.sv(30)
#    Time: 0 ns  Iteration: 0  Instance: /cvgrp_inside_mod
# Saving coverage database on exit...
# End time: 16:21:06 on Feb 28,2025, Elapsed time: 0:00:00
# Errors: 0, Warnings: 0
