# vsim std_random_module -l std_random_module.log -c -do "run -all; exit;" 
# Start time: 21:45:16 on Feb 27,2025
# ** Note: (vsim-3812) Design is being optimized...
# //  Questa Sim
# //  Version 10.6c linux Jul 25 2017
# //
# //  Copyright 1991-2017 Mentor Graphics Corporation
# //  All Rights Reserved.
# //
# //  QuestaSim and its associated documentation contain trade
# //  secrets and commercial or financial information that are the property of
# //  Mentor Graphics Corporation and are privileged, confidential,
# //  and exempt from disclosure under the Freedom of Information Act,
# //  5 U.S.C. Section 552. Furthermore, this information
# //  is prohibited from disclosure under the Trade Secrets Act,
# //  18 U.S.C. Section 1905.
# //
# Loading sv_std.std
# Loading work.std_random_module(fast)
# run -all
# Value of a:  8
# Value of b: 13
# Value of c:  2 and d:  1
# Value of e:  4
# Value of a:  6
# Value of b:  7
# Value of c:  3 and d:  0
# Value of e:  4
# Value of a:  7
# Value of b: 15
# Value of c:  1 and d:  1
# Value of e:  1
# Value of a: 15
# Value of b: 15
# Value of c:  3 and d:  1
# Value of e:  3
#  exit
# End time: 21:45:17 on Feb 27,2025, Elapsed time: 0:00:01
# Errors: 0, Warnings: 0
