# vsim tb -l std_random_class.log -c -do "run -all; exit;" 
# Start time: 21:46:48 on Feb 27,2025
# ** Note: (vsim-3812) Design is being optimized...
# //  Questa Sim
# //  Version 10.6c linux Jul 25 2017
# //
# //  Copyright 1991-2017 Mentor Graphics Corporation
# //  All Rights Reserved.
# //
# //  QuestaSim and its associated documentation contain trade
# //  secrets and commercial or financial information that are the property of
# //  Mentor Graphics Corporation and are privileged, confidential,
# //  and exempt from disclosure under the Freedom of Information Act,
# //  5 U.S.C. Section 552. Furthermore, this information
# //  is prohibited from disclosure under the Trade Secrets Act,
# //  18 U.S.C. Section 1905.
# //
# Loading sv_std.std
# Loading work.std_random_class_sv_unit(fast)
# Loading work.tb(fast)
# run -all
# Using std::randomize: a = 0, b = 0
# Using randomize(a): 7
# Using std::randomize(a): -1660044954
# Using std::randomize(b): 6
# Using std::randomize with constraint, c: 3
# Using this.randomize(): a = -1660044954, b = 6, c =           3
# Using std::randomize: a = -1660044954, b = 6
# Using randomize(a): 3
# Using std::randomize(a): 1003556722
# Using std::randomize(b): 6
# Using std::randomize with constraint, c: 3
# Using this.randomize(): a = 1003556722, b = 6, c =           3
# Using std::randomize: a = 1003556722, b = 6
# Using randomize(a): 7
# Using std::randomize(a): 1190730858
# Using std::randomize(b): 4
# Using std::randomize with constraint, c: 2
# Using this.randomize(): a = 1190730858, b = 4, c =           2
#  exit
# End time: 21:46:50 on Feb 27,2025, Elapsed time: 0:00:02
# Errors: 0, Warnings: 0
