# vsim work.fine_resume -l fine_resume.log -c -do "run -all;exit;" 
# Start time: 23:33:09 on Feb 25,2025
# ** Note: (vsim-3813) Design is being optimized due to module recompilation...
# //  Questa Sim
# //  Version 10.6c linux Jul 25 2017
# //
# //  Copyright 1991-2017 Mentor Graphics Corporation
# //  All Rights Reserved.
# //
# //  QuestaSim and its associated documentation contain trade
# //  secrets and commercial or financial information that are the property of
# //  Mentor Graphics Corporation and are privileged, confidential,
# //  and exempt from disclosure under the Freedom of Information Act,
# //  5 U.S.C. Section 552. Furthermore, this information
# //  is prohibited from disclosure under the Trade Secrets Act,
# //  18 U.S.C. Section 1905.
# //
# Loading sv_std.std
# Loading work.fine_resume(fast)
# run -all
# [0] Seeking status:
# [1] I am in process p1
# [1] Initial status of p1: RUNNING
# [1] Status of p1 before suspending: RUNNING
# [1] I am in process p2
# [1] Initial status of p2: RUNNING
# [2] Status of p1 before resuming: SUSPENDED
# [2] Status of p2 in p1 block: FINISHED
# [3] Status of p1 after resuming: FINISHED
# [4] Final status of p1: FINISHED
# [4] Final status of p2: FINISHED
# exit
# End time: 23:33:10 on Feb 25,2025, Elapsed time: 0:00:01
# Errors: 0, Warnings: 0
