# vsim top -l unique2_case_op.log -c -do "run -all;exit;" 
# Start time: 12:34:38 on Feb 25,2025
# ** Note: (vsim-3813) Design is being optimized due to module recompilation...
# ** Warning: unique_case2.sv(16): (vopt-2584) there is a matching case item hence not unique
# //  Questa Sim
# //  Version 10.6c linux Jul 25 2017
# //
# //  Copyright 1991-2017 Mentor Graphics Corporation
# //  All Rights Reserved.
# //
# //  QuestaSim and its associated documentation contain trade
# //  secrets and commercial or financial information that are the property of
# //  Mentor Graphics Corporation and are privileged, confidential,
# //  and exempt from disclosure under the Freedom of Information Act,
# //  5 U.S.C. Section 552. Furthermore, this information
# //  is prohibited from disclosure under the Trade Secrets Act,
# //  18 U.S.C. Section 1905.
# //
# Loading sv_std.std
# Loading work.top(fast)
# run -all
# ** Warning: (vsim-8360) unique_case2.sv(13): The if/case statement is not unique.
#    Time: 0 ns  Iteration: 0  Instance: /top
# Value of x is =0
# exit
# End time: 12:34:39 on Feb 25,2025, Elapsed time: 0:00:01
# Errors: 0, Warnings: 2
